
======== GPU REPORT ========

==============NVSMI LOG==============

Timestamp                                 : Wed Dec  3 17:09:47 2025
Driver Version                            : 570.195.03
CUDA Version                              : 12.8

Attached GPUs                             : 4
GPU 00000000:4E:00.0
    Accounting Mode                       : Enabled
    Accounting Mode Buffer Size           : 4000
    Accounted Processes
        Process ID                        : 921787
            GPU Utilization               : 0 %
            Memory Utilization            : 0 %
            Max memory usage              : 520 MiB
            Time                          : 4600 ms
            Is Running                    : 0
        Process ID                        : 921986
            GPU Utilization               : 0 %
            Memory Utilization            : 0 %
            Max memory usage              : 614 MiB
            Time                          : 5022 ms
            Is Running                    : 0
        Process ID                        : 922223
            GPU Utilization               : 0 %
            Memory Utilization            : 0 %
            Max memory usage              : 614 MiB
            Time                          : 6321 ms
            Is Running                    : 0
        Process ID                        : 922375
            GPU Utilization               : 0 %
            Memory Utilization            : 0 %
            Max memory usage              : 614 MiB
            Time                          : 4713 ms
            Is Running                    : 0
        Process ID                        : 922537
            GPU Utilization               : 0 %
            Memory Utilization            : 0 %
            Max memory usage              : 614 MiB
            Time                          : 4809 ms
            Is Running                    : 0
        Process ID                        : 922613
            GPU Utilization               : 37 %
            Memory Utilization            : 0 %
            Max memory usage              : 614 MiB
            Time                          : 1283389 ms
            Is Running                    : 0
        Process ID                        : 923399
            GPU Utilization               : 38 %
            Memory Utilization            : 0 %
            Max memory usage              : 614 MiB
            Time                          : 1088647 ms
            Is Running                    : 0

GPU 00000000:5F:00.0
    Accounting Mode                       : Enabled
    Accounting Mode Buffer Size           : 4000
    Accounted Processes                   : None

GPU 00000000:CB:00.0
    Accounting Mode                       : Enabled
    Accounting Mode Buffer Size           : 4000
    Accounted Processes                   : None

GPU 00000000:DB:00.0
    Accounting Mode                       : Enabled
    Accounting Mode Buffer Size           : 4000
    Accounted Processes                   : None

Wed Dec  3 17:09:48 2025       
+-----------------------------------------------------------------------------------------+
| NVIDIA-SMI 570.195.03             Driver Version: 570.195.03     CUDA Version: 12.8     |
|-----------------------------------------+------------------------+----------------------+
| GPU  Name                 Persistence-M | Bus-Id          Disp.A | Volatile Uncorr. ECC |
| Fan  Temp   Perf          Pwr:Usage/Cap |           Memory-Usage | GPU-Util  Compute M. |
|                                         |                        |               MIG M. |
|=========================================+========================+======================|
|   0  NVIDIA H100 80GB HBM3          On  |   00000000:4E:00.0 Off |                    0 |
| N/A   35C    P0             72W /  700W |       0MiB /  81559MiB |      0%      Default |
|                                         |                        |             Disabled |
+-----------------------------------------+------------------------+----------------------+
|   1  NVIDIA H100 80GB HBM3          On  |   00000000:5F:00.0 Off |                    0 |
| N/A   34C    P0             70W /  700W |       0MiB /  81559MiB |      0%      Default |
|                                         |                        |             Disabled |
+-----------------------------------------+------------------------+----------------------+
|   2  NVIDIA H100 80GB HBM3          On  |   00000000:CB:00.0 Off |                    0 |
| N/A   35C    P0             69W /  700W |       0MiB /  81559MiB |      0%      Default |
|                                         |                        |             Disabled |
+-----------------------------------------+------------------------+----------------------+
|   3  NVIDIA H100 80GB HBM3          On  |   00000000:DB:00.0 Off |                    0 |
| N/A   35C    P0             69W /  700W |       0MiB /  81559MiB |      0%      Default |
|                                         |                        |             Disabled |
+-----------------------------------------+------------------------+----------------------+
                                                                                         
+-----------------------------------------------------------------------------------------+
| Processes:                                                                              |
|  GPU   GI   CI              PID   Type   Process name                        GPU Memory |
|        ID   ID                                                               Usage      |
|=========================================================================================|
|  No running processes found                                                             |
+-----------------------------------------------------------------------------------------+
