
======== GPU REPORT ========

==============NVSMI LOG==============

Timestamp                                 : Wed Dec  3 19:42:17 2025
Driver Version                            : 570.195.03
CUDA Version                              : 12.8

Attached GPUs                             : 4
GPU 00000000:4E:00.0
    Accounting Mode                       : Enabled
    Accounting Mode Buffer Size           : 4000
    Accounted Processes
        Process ID                        : 924901
            GPU Utilization               : 0 %
            Memory Utilization            : 0 %
            Max memory usage              : 612 MiB
            Time                          : 11095 ms
            Is Running                    : 0
        Process ID                        : 925460
            GPU Utilization               : 37 %
            Memory Utilization            : 0 %
            Max memory usage              : 614 MiB
            Time                          : 203278 ms
            Is Running                    : 0
        Process ID                        : 925549
            GPU Utilization               : 0 %
            Memory Utilization            : 0 %
            Max memory usage              : 712 MiB
            Time                          : 5255 ms
            Is Running                    : 0
        Process ID                        : 926084
            GPU Utilization               : 0 %
            Memory Utilization            : 0 %
            Max memory usage              : 712 MiB
            Time                          : 5186 ms
            Is Running                    : 0
        Process ID                        : 926185
            GPU Utilization               : 0 %
            Memory Utilization            : 0 %
            Max memory usage              : 712 MiB
            Time                          : 5144 ms
            Is Running                    : 0
        Process ID                        : 926263
            GPU Utilization               : 0 %
            Memory Utilization            : 0 %
            Max memory usage              : 712 MiB
            Time                          : 5247 ms
            Is Running                    : 0
        Process ID                        : 926301
            GPU Utilization               : 0 %
            Memory Utilization            : 0 %
            Max memory usage              : 712 MiB
            Time                          : 5191 ms
            Is Running                    : 0
        Process ID                        : 926600
            GPU Utilization               : 32 %
            Memory Utilization            : 0 %
            Max memory usage              : 712 MiB
            Time                          : 231255 ms
            Is Running                    : 0
        Process ID                        : 926946
            GPU Utilization               : 0 %
            Memory Utilization            : 0 %
            Max memory usage              : 520 MiB
            Time                          : 4982 ms
            Is Running                    : 0
        Process ID                        : 927037
            GPU Utilization               : 27 %
            Memory Utilization            : 0 %
            Max memory usage              : 712 MiB
            Time                          : 39908 ms
            Is Running                    : 0
        Process ID                        : 927121
            GPU Utilization               : 30 %
            Memory Utilization            : 0 %
            Max memory usage              : 712 MiB
            Time                          : 249723 ms
            Is Running                    : 0
        Process ID                        : 927481
            GPU Utilization               : 0 %
            Memory Utilization            : 0 %
            Max memory usage              : 712 MiB
            Time                          : 5478 ms
            Is Running                    : 0
        Process ID                        : 927550
            GPU Utilization               : 31 %
            Memory Utilization            : 0 %
            Max memory usage              : 712 MiB
            Time                          : 394357 ms
            Is Running                    : 0
        Process ID                        : 927966
            GPU Utilization               : 31 %
            Memory Utilization            : 0 %
            Max memory usage              : 712 MiB
            Time                          : 612502 ms
            Is Running                    : 0

GPU 00000000:5F:00.0
    Accounting Mode                       : Enabled
    Accounting Mode Buffer Size           : 4000
    Accounted Processes                   : None

GPU 00000000:CB:00.0
    Accounting Mode                       : Enabled
    Accounting Mode Buffer Size           : 4000
    Accounted Processes                   : None

GPU 00000000:DB:00.0
    Accounting Mode                       : Enabled
    Accounting Mode Buffer Size           : 4000
    Accounted Processes                   : None

Wed Dec  3 19:42:18 2025       
+-----------------------------------------------------------------------------------------+
| NVIDIA-SMI 570.195.03             Driver Version: 570.195.03     CUDA Version: 12.8     |
|-----------------------------------------+------------------------+----------------------+
| GPU  Name                 Persistence-M | Bus-Id          Disp.A | Volatile Uncorr. ECC |
| Fan  Temp   Perf          Pwr:Usage/Cap |           Memory-Usage | GPU-Util  Compute M. |
|                                         |                        |               MIG M. |
|=========================================+========================+======================|
|   0  NVIDIA H100 80GB HBM3          On  |   00000000:4E:00.0 Off |                    0 |
| N/A   34C    P0             72W /  700W |       0MiB /  81559MiB |      0%      Default |
|                                         |                        |             Disabled |
+-----------------------------------------+------------------------+----------------------+
|   1  NVIDIA H100 80GB HBM3          On  |   00000000:5F:00.0 Off |                    0 |
| N/A   33C    P0             70W /  700W |       0MiB /  81559MiB |      0%      Default |
|                                         |                        |             Disabled |
+-----------------------------------------+------------------------+----------------------+
|   2  NVIDIA H100 80GB HBM3          On  |   00000000:CB:00.0 Off |                    0 |
| N/A   34C    P0             69W /  700W |       0MiB /  81559MiB |      0%      Default |
|                                         |                        |             Disabled |
+-----------------------------------------+------------------------+----------------------+
|   3  NVIDIA H100 80GB HBM3          On  |   00000000:DB:00.0 Off |                    0 |
| N/A   34C    P0             69W /  700W |       0MiB /  81559MiB |      0%      Default |
|                                         |                        |             Disabled |
+-----------------------------------------+------------------------+----------------------+
                                                                                         
+-----------------------------------------------------------------------------------------+
| Processes:                                                                              |
|  GPU   GI   CI              PID   Type   Process name                        GPU Memory |
|        ID   ID                                                               Usage      |
|=========================================================================================|
|  No running processes found                                                             |
+-----------------------------------------------------------------------------------------+
